
                        S T E P       1


                                INCREMENT     1


 displacements (vx,vy,vz) for set N1 and time  0.1000000E+01

        21  0.000000E+00  0.000000E+00  0.000000E+00

                        S T E P       2


                                INCREMENT     1


 displacements (vx,vy,vz) for set N1 and time  0.1500000E+01

        21  7.020169E-04  7.020169E-04  3.291396E-02

                                INCREMENT     2


 displacements (vx,vy,vz) for set N1 and time  0.2000000E+01

        21  1.097900E-03  1.097900E-03  6.783095E-02
