
                        S T E P       1


                                INCREMENT    17


 ductile damage initiation (elem, integ.pnt.,x,y,z) for set E1 and time  0.1000000E+01

         1   1  2.591609E-02
         1   2  2.591609E-02
         1   3  2.591609E-02
         1   4  2.591609E-02
         1   5  3.057543E-02
         1   6  3.057543E-02
         1   7  3.057543E-02
         1   8  3.057543E-02
