    1C
    1UUSER                                                              
    1UDATE              19.july.2022                                    
    1UTIME              21:40:00                                        
    1UHOST                                                              
    1UPGM               CalculiX                                        
    1UVERSION           Version DEVELOPMENT                             
    1UCOMPILETIME       Tue Jul 19 21:11:38 CEST 2022                    
    1UDIR                                                               
    1UDBN                                                               
    1UMAT    1EL                                                        
    2C                            16                                     1
 -1         1 1.00000E+00 1.00000E+00-1.49012E-08
 -1         2 1.00000E+00 0.00000E+00-1.49012E-08
 -1         3 1.00000E+00 0.00000E+00 1.00000E+00
 -1         4 1.00000E+00 1.00000E+00 1.00000E+00
 -1         5-7.45058E-09 1.00000E+00-1.49012E-08
 -1         6-7.45058E-09 0.00000E+00-1.49012E-08
 -1         7-7.45058E-09 0.00000E+00 1.00000E+00
 -1         8-7.45058E-09 1.00000E+00 1.00000E+00
 -1         9 5.00000E-01 6.41421E-01 1.00000E+00
 -1        10 6.41421E-01 5.00000E-01 1.00000E+00
 -1        11 6.41421E-01 5.00000E-01 1.20000E+00
 -1        12 5.00000E-01 6.41421E-01 1.20000E+00
 -1        13 3.58579E-01 5.00000E-01 1.00000E+00
 -1        14 5.00000E-01 3.58579E-01 1.00000E+00
 -1        15 5.00000E-01 3.58579E-01 1.20000E+00
 -1        16 3.58579E-01 5.00000E-01 1.20000E+00
 -3
    3C                             2                                     1
 -1         1    1    0    1
 -2         1         2         3         4         5         6         7         8
 -1         2    1    0    1
 -2         9        10        11        12        13        14        15        16
 -3
    1PSTEP                         1           1           1          
  100CL  101 1.00000E-08           1                     1    1           1
 -4  ENER        1    1
 -5  ENER        1    1    0    0
 -1        11 2.59110E-08
 -3
    1PSTEP                         2           2           1          
  100CL  102 2.00000E-08           1                     1    2           1
 -4  ENER        1    1
 -5  ENER        1    1    0    0
 -1        11 3.44228E-07
 -3
    1PSTEP                         3           3           1          
  100CL  103 3.00000E-08           1                     1    3           1
 -4  ENER        1    1
 -5  ENER        1    1    0    0
 -1        11 1.35541E-06
 -3
    1PSTEP                         4           4           1          
  100CL  104 4.00000E-08           1                     1    4           1
 -4  ENER        1    1
 -5  ENER        1    1    0    0
 -1        11 3.24236E-06
 -3
    1PSTEP                         5           5           1          
  100CL  105 5.00000E-08           1                     1    5           1
 -4  ENER        1    1
 -5  ENER        1    1    0    0
 -1        11 5.79590E-06
 -3
    1PSTEP                         6           6           1          
  100CL  106 6.00000E-08           1                     1    6           1
 -4  ENER        1    1
 -5  ENER        1    1    0    0
 -1        11 8.23053E-06
 -3
    1PSTEP                         7           7           1          
  100CL  107 7.00000E-08           1                     1    7           1
 -4  ENER        1    1
 -5  ENER        1    1    0    0
 -1        11 9.42633E-06
 -3
    1PSTEP                         8           8           1          
  100CL  108 8.00000E-08           1                     1    8           1
 -4  ENER        1    1
 -5  ENER        1    1    0    0
 -1        11 8.62397E-06
 -3
    1PSTEP                         9           9           1          
  100CL  109 9.00000E-08           1                     1    9           1
 -4  ENER        1    1
 -5  ENER        1    1    0    0
 -1        11 6.07936E-06
 -3
    1PSTEP                        10          10           1          
  100CL  110 1.00000E-07           1                     1   10           1
 -4  ENER        1    1
 -5  ENER        1    1    0    0
 -1        11 3.09502E-06
 -3
    1PSTEP                        11          11           1          
  100CL  111 1.10000E-07           1                     1   11           1
 -4  ENER        1    1
 -5  ENER        1    1    0    0
 -1        11 9.96101E-07
 -3
    1PSTEP                        12          12           1          
  100CL  112 1.20000E-07           1                     1   12           1
 -4  ENER        1    1
 -5  ENER        1    1    0    0
 -1        11 9.91111E-08
 -3
    1PSTEP                        13          13           1          
  100CL  113 1.30000E-07           1                     1   13           1
 -4  ENER        1    1
 -5  ENER        1    1    0    0
 -1        11-7.97617E-08
 -3
    1PSTEP                        14          14           1          
  100CL  114 1.40000E-07           1                     1   14           1
 -4  ENER        1    1
 -5  ENER        1    1    0    0
 -1        11-5.72550E-08
 -3
    1PSTEP                        15          15           1          
  100CL  115 1.50000E-07           1                     1   15           1
 -4  ENER        1    1
 -5  ENER        1    1    0    0
 -1        11 6.83827E-09
 -3
    1PSTEP                        16          16           1          
  100CL  116 1.60000E-07           1                     1   16           1
 -4  ENER        1    1
 -5  ENER        1    1    0    0
 -1        11 3.83550E-07
 -3
    1PSTEP                        17          17           1          
  100CL  117 1.70000E-07           1                     1   17           1
 -4  ENER        1    1
 -5  ENER        1    1    0    0
 -1        11 1.60164E-06
 -3
    1PSTEP                        18          18           1          
  100CL  118 1.80000E-07           1                     1   18           1
 -4  ENER        1    1
 -5  ENER        1    1    0    0
 -1        11 4.01676E-06
 -3
    1PSTEP                        19          19           1          
  100CL  119 1.90000E-07           1                     1   19           1
 -4  ENER        1    1
 -5  ENER        1    1    0    0
 -1        11 7.30356E-06
 -3
    1PSTEP                        20          20           1          
  100CL  120 2.00000E-07           1                     1   20           1
 -4  ENER        1    1
 -5  ENER        1    1    0    0
 -1        11 1.02936E-05
 -3
    1PSTEP                        21           1           2          
  100CL  121 2.10000E-07           1                     1   21           1
 -4  ENER        1    1
 -5  ENER        1    1    0    0
 -1        11 1.63384E-05
 -3
    1PSTEP                        22           2           2          
  100CL  122 2.20000E-07           1                     1   22           1
 -4  ENER        1    1
 -5  ENER        1    1    0    0
 -1        11 1.00093E-05
 -3
    1PSTEP                        23           3           2          
  100CL  123 2.30000E-07           1                     1   23           1
 -4  ENER        1    1
 -5  ENER        1    1    0    0
 -1        11 9.68903E-06
 -3
    1PSTEP                        24           4           2          
  100CL  124 2.40000E-07           1                     1   24           1
 -4  ENER        1    1
 -5  ENER        1    1    0    0
 -1        11 1.02203E-05
 -3
    1PSTEP                        25           5           2          
  100CL  125 2.50000E-07           1                     1   25           1
 -4  ENER        1    1
 -5  ENER        1    1    0    0
 -1        11 1.09570E-05
 -3
    1PSTEP                        26           6           2          
  100CL  126 2.60000E-07           1                     1   26           1
 -4  ENER        1    1
 -5  ENER        1    1    0    0
 -1        11 1.14484E-05
 -3
    1PSTEP                        27           7           2          
  100CL  127 2.70000E-07           1                     1   27           1
 -4  ENER        1    1
 -5  ENER        1    1    0    0
 -1        11 1.45324E-05
 -3
    1PSTEP                        28           8           2          
  100CL  128 2.80000E-07           1                     1   28           1
 -4  ENER        1    1
 -5  ENER        1    1    0    0
 -1        11 1.80996E-05
 -3
    1PSTEP                        29           9           2          
  100CL  129 2.90000E-07           1                     1   29           1
 -4  ENER        1    1
 -5  ENER        1    1    0    0
 -1        11 1.65338E-05
 -3
    1PSTEP                        30          10           2          
  100CL  130 3.00000E-07           1                     1   30           1
 -4  ENER        1    1
 -5  ENER        1    1    0    0
 -1        11 1.29034E-05
 -3
    1PSTEP                        31          11           2          
  100CL  131 3.10000E-07           1                     1   31           1
 -4  ENER        1    1
 -5  ENER        1    1    0    0
 -1        11 9.93203E-06
 -3
    1PSTEP                        32          12           2          
  100CL  132 3.20000E-07           1                     1   32           1
 -4  ENER        1    1
 -5  ENER        1    1    0    0
 -1        11 9.05631E-06
 -3
    1PSTEP                        33          13           2          
  100CL  133 3.30000E-07           1                     1   33           1
 -4  ENER        1    1
 -5  ENER        1    1    0    0
 -1        11 8.28813E-06
 -3
    1PSTEP                        34          14           2          
  100CL  134 3.40000E-07           1                     1   34           1
 -4  ENER        1    1
 -5  ENER        1    1    0    0
 -1        11 8.41406E-06
 -3
    1PSTEP                        35          15           2          
  100CL  135 3.50000E-07           1                     1   35           1
 -4  ENER        1    1
 -5  ENER        1    1    0    0
 -1        11 1.51264E-05
 -3
    1PSTEP                        36          16           2          
  100CL  136 3.60000E-07           1                     1   36           1
 -4  ENER        1    1
 -5  ENER        1    1    0    0
 -1        11 1.81528E-05
 -3
    1PSTEP                        37          17           2          
  100CL  137 3.70000E-07           1                     1   37           1
 -4  ENER        1    1
 -5  ENER        1    1    0    0
 -1        11 1.06426E-05
 -3
    1PSTEP                        38          18           2          
  100CL  138 3.80000E-07           1                     1   38           1
 -4  ENER        1    1
 -5  ENER        1    1    0    0
 -1        11 4.80599E-06
 -3
    1PSTEP                        39          19           2          
  100CL  139 3.90000E-07           1                     1   39           1
 -4  ENER        1    1
 -5  ENER        1    1    0    0
 -1        11 6.15204E-06
 -3
    1PSTEP                        40          20           2          
  100CL  140 4.00000E-07           1                     1   40           1
 -4  ENER        1    1
 -5  ENER        1    1    0    0
 -1        11 1.06440E-05
 -3
 9999
