
                        S T E P       2


   ##############################################################################################################
   D E S I G N   R E S P O N S E   I N F O R M A T I O N

   FUNCTION        FUNCTION VALUE    LENGTH GRADIENT   NAME                                                        
   ##############################################################################################################

   ALL-DISP         0.1562493E+01      0.4373343E-01   DISP_OBJ                                                                        
